// Jest Snapshot v1, https://goo.gl/fbAQLP

exports[`<Image /> component matching snapshot 1`] = `
<styled.img
  alt="Beer"
  src="https://via.placeholder.com/150"
/>
`;
