// Jest Snapshot v1, https://goo.gl/fbAQLP

exports[`<FoodPairListItem /> component matching snapshot 1`] = `
<styled.li>
  meat
</styled.li>
`;
