// Jest Snapshot v1, https://goo.gl/fbAQLP

exports[`testing withLoading HOC should match snapshot 1`] = `
<styled.div>
  <component
    loading={true}
  />
  <styled.div />
</styled.div>
`;
